<?xml version="1.0" encoding="UTF-8"?>
<testsuites name="jest tests" tests="4" failures="0" errors="0" time="2.305">
  <testsuite name="API com autenticação JWT" errors="0" failures="0" skipped="0" timestamp="2025-04-26T00:51:56" time="2.099" tests="4">
    <testcase classname="API com autenticação JWT Deve retornar um token com login válido" name="API com autenticação JWT Deve retornar um token com login válido" time="0.098">
    </testcase>
    <testcase classname="API com autenticação JWT Deve recusar login com credenciais inválidas" name="API com autenticação JWT Deve recusar login com credenciais inválidas" time="0.007">
    </testcase>
    <testcase classname="API com autenticação JWT Deve acessar rota protegida com token válido" name="API com autenticação JWT Deve acessar rota protegida com token válido" time="0.012">
    </testcase>
    <testcase classname="API com autenticação JWT Deve bloquear rota protegida sem token" name="API com autenticação JWT Deve bloquear rota protegida sem token" time="0.009">
    </testcase>
  </testsuite>
</testsuites>